=== sai khi CHỈ dùng quy tắc (trên tập học) ===
  5  cáik: được 'ꪀꪱꪥ' / chuẩn 'ꪁꪱꪥ'
  3  tá: được 'ꪔꪱ' / chuẩn 'ꪕꪱ'
  3  chôống: được 'ꪶꪊꪉ' / chuẩn 'ꪶꪋꪉ'
  3  hái: được 'ꪬꪱꪥ' / chuẩn 'ꪭꪱꪥ'
  2  náu: được 'ꪹꪘꪱ' / chuẩn 'ꪹꪙꪱ'
  2  ái: được 'ꪮꪱꪥ' / chuẩn 'ꪯꪱꪥ'
  2  năm: được 'ꪘꪾ' / chuẩn 'ꪙꪾ'
  2  fắc: được 'ꪞꪀꪰ' / chuẩn 'ꪞꪀ'
  2  húng: được 'ꪬꪉꪴ' / chuẩn 'ꪭꪉꪴ'
  2  mák: được 'ꪣꪱꪀ' / chuẩn 'ꪢꪱꪀ'
  2  khăn: được 'ꪄꪽ' / chuẩn 'ꪅꪽ'
  2  bim: được 'ꪚꪲꪣ' / chuẩn 'ꪚꪙꪳ'
  2  cớk: được 'ꪹꪀꪰ' / chuẩn 'ꪹꪀꪰꪀ'
  1  ché: được 'ꪵꪊ' / chuẩn 'ꪵꪋ'
  1  nhơng: được 'ꪹꪐꪰꪉ' / chuẩn 'ꪹꪐꪷꪉ'
  1  nới: được 'ꪹꪘꪰꪥ' / chuẩn 'ꪹꪘꪷꪠ'
  1  hắng: được 'ꪬꪉꪰ' / chuẩn 'ꪭꪉꪰ'
  1  lố: được 'ꪶꪨ' / chuẩn 'ꪶꪩ'
  1  phăn: được 'ꪠꪽ' / chuẩn 'ꪥꪽ'
  1  chờng: được 'ꪹꪋꪰꪉ' / chuẩn 'ꪹꪋꪷꪉ'
  1  mết: được 'ꪹꪣꪸꪒ' / chuẩn 'ꪹꪢꪸꪒ'
  1  mới: được 'ꪹꪣꪰꪥ' / chuẩn 'ꪹꪣꪷꪥ'
  1  háy: được 'ꪼꪬ' / chuẩn 'ꪼꪭ'
  1  hắngk: được 'ꪬꪉꪰ' / chuẩn 'ꪭꪉꪰ'
  1  mắư: được 'ꪻꪣ' / chuẩn 'ꪻꪢ'
  1  fắc: được 'ꪞꪀꪰ' / chuẩn 'ꪻꪞ'
  1  hển: được 'ꪹꪬꪸꪙ' / chuẩn 'ꪹꪭꪸꪙ'
  1  chói: được 'ꪊꪮꪥ' / chuẩn 'ꪋꪮꪥ'
  1  héok: được 'ꪵꪬꪫ' / chuẩn 'ꪵꪭꪫ'
  1  mơi: được 'ꪹꪢꪰꪥ' / chuẩn 'ꪹꪢꪷꪥ'
  1  phưn: được 'ꪠꪙꪳ' / chuẩn 'ꪥꪙꪳ'
  1  chá: được 'ꪊꪱ' / chuẩn 'ꪋꪱ'
  1  dáu: được 'ꪹꪤꪱ' / chuẩn 'ꪹꪥꪱ'
  1  phớng: được 'ꪹꪠꪰꪉ' / chuẩn 'ꪒ'
  1  phung: được 'ꪠꪉꪴ' / chuẩn 'ꪥꪉꪴ'
  1  ớt: được 'ꪹꪮꪷꪒ' / chuẩn 'ꪹꪮꪰꪒ'
  1  cám: được 'ꪀꪱꪣ' / chuẩn 'ꪁꪱꪣ'
  1  ngá: được 'ꪈꪱ' / chuẩn 'ꪉꪱ'
  1  sai: được 'ꪎꪱꪥ' / chuẩn 'ꪏꪱꪥ'
  1  hặc: được 'ꪭꪀꪰ' / chuẩn 'ꪭꪀ'
  1  nắc: được 'ꪘꪀꪰ' / chuẩn 'ꪘꪀ'
  1  ngái: được 'ꪈꪱꪥ' / chuẩn 'ꪉꪱꪥ'
  1  ním: được 'ꪘꪲꪣ' / chuẩn 'ꪙꪲꪣ'
  1  kị: được 'ꪁꪲ' / chuẩn 'ꪀꪲ'
  1  lực: được 'ꪩꪀꪳ' / chuẩn 'ꪹꪩꪰꪀ'
  1  but: được 'ꪚꪒꪳ' / chuẩn 'ꪛꪒꪳ'
  1  dam: được 'ꪤꪱꪣ' / chuẩn 'ꪥꪱꪣ'
  1  dé: được 'ꪵꪤ' / chuẩn 'ꪵꪥ'
  1  mương: được 'ꪹꪢꪉ' / chuẩn 'ꪹꪣꪉ'
  1  táo: được 'ꪔꪱꪫ' / chuẩn 'ꪕꪱꪫ'
  1  maư: được 'ꪢꪱꪫ' / chuẩn 'ꪻꪢ'
  1  xắngk: được 'ꪎꪉꪰ' / chuẩn 'ꪏꪉ'
  1  chứng: được 'ꪊꪉꪳ' / chuẩn 'ꪋꪉ'
  1  cồm: được 'ꪶꪁꪣ' / chuẩn 'ꪶꪀꪣ'
  1  môốc: được 'ꪶꪣꪀ' / chuẩn 'ꪶꪢꪀ'
  1  phím: được 'ꪠꪲꪣ' / chuẩn 'ꪡꪣ'
  1  kịm: được 'ꪁꪲꪣ' / chuẩn 'ꪁꪸꪣ'
  1  thưng: được 'ꪖꪉꪳ' / chuẩn 'ꪖꪉꪸ'

=== bị loại do mâu thuẫn tương quan ===
pà	ꪛꪱ	95.8
cháng	ꪡꪱꪉ	95.6
chếp	ꪹꪓꪸꪚ	95.5
da	ꪠꪱ	95.7
ai	ꪹꪠꪸꪒ	95.6
fết	ꪮꪱꪤ	95.6
ai	ꪮꪱꪤ	95.6
ai	ꪮꪱꪤ	95.5
hài	ꪭꪱꪤ	95.5
ai	ꪮꪱꪤ	95.5
khảu	ꪹꪂꪱ	95.6
khẹn	ꪵꪃꪙ	95.5
khiu	ꪂꪲꪫ	95.7
khíu	ꪂꪲꪫ	95.6
khum	ꪂꪣꪴ	95.6
lảu	ꪹꪓꪱ	95.5
lơng	ꪹꪓꪷꪉ	95.6
min	ꪘꪲꪙ	95.5
ơn	ꪹꪮꪷꪙ	95.6
ớc	ꪹꪮꪷꪀ	95.7
khằn	ꪃꪙ	95.6
lôông	ꪶꪓꪉ	95.6
nhờ	ꪹꪑꪷ	95.7
pin	ꪤꪙ	95.7
nàm	ꪣꪱꪣ	95.6
cớn	ꪹꪀꪷꪙ	95.6
mớ	ꪹꪢꪷ	95.0
nắc	ꪢꪀꪰ	95.6
mắư	ꪻꪘ	95.6
mết	ꪹꪘꪸꪒ	95.6
khảu	ꪹꪂꪱ	95.5
tsáy	ꪼꪌ	95.7
tsưng	ꪌꪉ	95.7
dẳng	ꪤꪰꪉ	95.6
khỏ	ꪂꪰ	95.7
khan	ꪄꪱꪚ	95.6
xở	ꪹꪎꪷ	95.8
hợn	ꪹꪭꪷꪙ	95.7
hồk	ꪶꪭ	95.8
cút	ꪀꪒꪴ	96.0
fớk	ꪹꪥꪷꪀ	95.6
fúc	ꪞꪕꪴ	96.0
khán	ꪂꪱꪙ	95.6
khảu	ꪹꪂꪱ	95.6
min	ꪘꪸꪙ	95.6
nọi	ꪙꪮꪤ	95.6
ỏi	ꪮꪮꪤ	95.8
pai	ꪜꪱꪠ	95.6
sạng	ꪄꪱꪉ	95.7
hàk	ꪭꪱ	95.7
chòng	ꪹꪊꪷꪉ	95.6
khảu	ꪹꪂꪱ	95.6
khửn	ꪄꪙ	95.7
mi	ꪘꪲ	95.6
pun	ꪜꪙꪸ	95.6
tsạt	ꪍꪱꪒ	95.6
tsúng	ꪌꪉꪴ	95.8
khảu	ꪹꪂꪱ	95.6
xoong	ꪎꪮꪰꪉ	95.7
cụn	ꪌ	95.7
khăn	ꪂꪽ	95.7
toong	ꪔꪮ	95.8
khảu	ꪹꪂꪱ	95.6
khum	ꪂꪣꪴ	95.8
xơ	ꪹꪎꪷ	96.2
khửn	ꪄꪙ	95.8
bít	ꪜꪲꪒ	95.6
chựn	ꪋꪚꪳ	96.0
cơ	ꪹꪀꪷ	96.0
ngựn	ꪉꪳꪙ	96.0
toọng	ꪮꪉ	95.8
ban	ꪚꪱꪚ	95.6
bók	ꪚꪰ	95.5
hom	ꪒꪱꪣ	95.5
bók	ꪚꪰ	95.8
cáy	ꪨꪸꪀ	95.8
bók	ꪚꪰ	95.7
kêểng	ꪣꪾ	95.7
bók	ꪚꪰ	95.6
khá	ꪉꪳꪣ	95.6
bók	ꪚꪰ	96.0
khay	ꪜꪱ	96.0
bók	ꪚꪰ	95.6
khim	ꪖꪱꪣ	95.6
bók	ꪚꪰ	96.0
khắư	ꪕꪮꪉ	96.0
long	ꪁꪱꪥ	95.6
lụk	ꪀꪾ	95.5
lún	ꪀꪣ	95.5
mằn	ꪋꪱ	95.6
mự	ꪊꪙ	95.8
mứn	ꪶꪊꪸ	95.7
ngìu	ꪶꪥꪱ	95.6
ngộn	ꪓꪱꪫ	95.7
bók	ꪜꪮꪀ	95.7
vịn	ꪆꪲꪙ	95.8
pết	ꪶꪜꪸꪫ	95.8
toóng	ꪚꪮꪉ	95.6
chớ	ꪨꪰ	95.8
nằn	ꪙꪙ	95.7
quảng	ꪀꪆꪱꪉ	95.6
tsẳư	ꪻꪌ	95.8
nhăm	ꪐꪾꪷ	95.7
xủm	ꪎꪙꪴ	95.8
đin	ꪒꪲꪣ	96.0
khám	ꪅꪱꪙ	95.7
sai	ꪄꪱꪥ	95.6
nặm	ꪙꪾꪷ	96.0
nặm	ꪙꪾꪷ	95.8
bốn	ꪶꪚꪣ	95.6
khảu	ꪹꪘꪱ	95.6
khửn	ꪘꪙꪳ	95.6
săm	ꪏꪾꪷ	95.7
khảu	ꪹꪂꪱ	95.6
chắp	ꪊꪾꪷꪚ	95.8
đăm	ꪒꪾꪷ	96.2
dằng	ꪥꪉ	95.7
hắng	ꪭꪉ	95.7
khan	ꪃꪽ	95.6
khỏ	ꪂꪰ	96.0
lọp	ꪹꪩꪰꪚ	95.7
lựm	ꪩꪣ	95.7
mùm	ꪣꪴꪣ	95.7
nói	ꪹꪢꪰꪥ	95.6
păng	ꪜꪉ	95.8
phặng	ꪏꪉ	95.7
phun	ꪥꪙꪳ	95.8
tẹn	ꪵꪙꪙ	95.6
tsó	ꪌꪰ	96.0
tò	ꪙꪰ	96.2
bóm	ꪹꪚꪰꪣ	95.7
et	ꪹꪮꪸꪒ	95.7
bon	ꪹꪚꪰꪙ	95.7
lăng	ꪨꪉ	95.6
lứn	ꪩꪙꪾꪷ	95.8
một	ꪶꪙꪒ	95.6
bon	ꪹꪚꪰꪙ	95.6
bơn	ꪌꪉ	95.7
tsung	ꪌꪉꪴ	95.8
bon	ꪹꪚꪰꪙ	95.6
khỏ	ꪂꪰ	95.8
fi	ꪌꪲ	96.0
nam	ꪢꪱꪣ	95.6
nám	ꪙꪱꪣꪚ	95.6
noong	ꪢꪮꪉ	95.6
phôộc	ꪶꪀꪶꪀ	95.6
xem	ꪹꪎꪸꪣ	95.6
khỏ	ꪂꪰ	96.0
bứt	ꪚꪒ	95.6
khảu	ꪹꪢꪱ	95.6
tsa	ꪌꪱ	95.8
tsá	ꪍꪱ	95.8
chẹn	ꪹꪋꪙ	95.7
khai	ꪏꪱꪥ	95.6
khảu	ꪹꪂꪱ	95.6
chóng	ꪹꪊꪲꪉ	95.7
nả	ꪢꪱ	95.6
pi	ꪤ	95.7
fô	ꪶꪌꪲ	95.8
khắt	ꪄꪒ	95.7
khô	ꪶꪂ	95.6
tsá	ꪌꪱ	95.7
nơ	ꪹꪢꪰ	95.5
cạk	ꪁꪱ	95.0
cạk	ꪁꪱ	95.6
cạk	ꪁꪱ	95.8
cảm	ꪀꪱꪱꪣ	95.7
hốk	ꪶꪭ	95.8
họn	ꪹꪭꪰꪙ	95.6
khồ	ꪶꪃ	95.5
nẻn	ꪵꪢꪙ	95.6
khụm	ꪅꪙꪳ	95.7
khôống	ꪶꪂꪉ	96.2
mói	ꪹꪣꪰꪥ	95.7
tin	ꪔꪸꪙ	96.9
khổ	ꪶꪂ	95.6
khừn	ꪄꪙꪸ	95.6
tsăng	ꪌ	65.0
kin	ꪀꪸꪙ	95.7
tsàng	ꪍꪱꪉ	95.8
khọ	ꪯꪰ	96.0
lúc	ꪓꪀꪴ	95.6
mự	ꪣ	95.7
pi	ꪜ	95.8
vịn	ꪫꪸꪙ	95.7
kin	ꪀꪸꪙ	95.8
khửn	ꪄꪙ	96.1
cốt	ꪶꪁꪚ	95.7
cốt	ꪶꪁꪚ	95.5
bin	ꪚꪸꪙ	96.0
lơng	ꪹꪓꪰꪉ	95.6
coi	ꪹꪀꪰꪥ	95.0
coi	ꪹꪀꪰꪥ	95.6
coi	ꪹꪀꪰꪥ	95.5
coi	ꪹꪀꪰꪥ	95.5
coi	ꪹꪀꪰꪥ	95.4
coi	ꪹꪀꪰꪥ	95.8
ngó	ꪉꪰ	95.9
ló	ꪨꪰ	95.8
lò	ꪩꪰ	95.8
nó	ꪘꪰ	95.7
bó	ꪹꪚꪰ	95.7
khò	ꪅꪰ	96.0
pọ	ꪝꪰ	96.0
bó	ꪹꪚꪰ	96.2
kho	ꪄꪰ	95.8
